.data
0

.text
24080000
00058021
2610ffff
11100012
24090000
240a0000
02088823
1131000c
254b0004
008a6821
008b7021
8db20000
8dd30000
02726023
05810002
add20000
adb30000
25290001
254a0004
08000000
25080001
08000000
03e00008

.symbol
0	bubble
12	for_i
28	for_j
68	else
80	end_j
88	end_i

.relocation
76	for_j
84	for_i
