.data
20

.text
3c010000
34290000
24080030
ad280000
25290004
24081c1c
ad280000
25290004
2408244e
ad280000
25290004
24082383
ad280000
25290004
24081b77
ad280000
25290004
24080df9
ad280000
25290004
24081e16
ad280000
25290004
24080daf
ad280000
25290004
24081c31
ad280000
25290004
24080878
ad280000
25290004
24081521
ad280000
25290004
24082029
ad280000
25290004
240807e7
ad280000
25290004
24081bf0
ad280000
25290004
2408062a
ad280000
25290004
2408095f
ad280000
25290004
24080f17
ad280000
25290004
24081789
ad280000
25290004
24082129
ad280000
25290004
240825f6
ad280000
25290004
3c010000
34240000
24050014
0c000000
0000000c

.symbol
0	%arr
0	main

.relocation
0	arr@Hi
4	arr@Lo
248	arr@Hi
252	arr@Lo
260	bubble
