.data
20

.text
3c010000
34290000
24080029
ad280000
25290004
24082113
ad280000
25290004
240818be
ad280000
25290004
24081964
ad280000
25290004
240823d1
ad280000
25290004
2408165c
ad280000
25290004
240805c6
ad280000
25290004
2408248e
ad280000
25290004
24081b32
ad280000
25290004
24081170
ad280000
25290004
24081649
ad280000
25290004
24081fd1
ad280000
25290004
24080cd1
ad280000
25290004
24081aab
ad280000
25290004
240826e9
ad280000
25290004
240801eb
ad280000
25290004
24080bb3
ad280000
25290004
24080796
ad280000
25290004
240812db
ad280000
25290004
2408153c
ad280000
25290004
3c010000
34240000
24050014
0c000000
0000000c

.symbol
0	%arr
0	main

.relocation
0	arr@Hi
4	arr@Lo
248	arr@Hi
252	arr@Lo
260	bubble
