.data
20

.text
3c010000
34290000
2408002d
ad280000
25290004
24082400
ad280000
25290004
24081066
ad280000
25290004
24081e73
ad280000
25290004
2408250c
ad280000
25290004
240825b2
ad280000
25290004
240811ee
ad280000
25290004
2408191f
ad280000
25290004
240802c1
ad280000
25290004
2408207c
ad280000
25290004
240815b5
ad280000
25290004
24081ffd
ad280000
25290004
24080a5c
ad280000
25290004
2408025e
ad280000
25290004
24080869
ad280000
25290004
24081e95
ad280000
25290004
24082655
ad280000
25290004
2408016f
ad280000
25290004
24081a02
ad280000
25290004
24082301
ad280000
25290004
3c010000
34240000
24050014
0c000000
0000000c

.symbol
0	%arr
0	main

.relocation
0	arr@Hi
4	arr@Lo
248	arr@Hi
252	arr@Lo
260	bubble
