.data
0

.text
24040000
24040025
0c000000
0000000c

.symbol
0	main

.relocation
8	prime
