.data
0

.text
24040000
24040035
0c000000
0000000c

.symbol
0	main

.relocation
8	prime
