.data
0

.text
00048021
24080001
1208000c
24080002
11100005
0208001b
00008810
12200007
25080001
08000000
00044821
ac090000
24090001
ac090004
03e00008
00044821
ac090000
24090000
ac090004
03e00008

.symbol
0	prime
16	loop
40	is_prime
60	is_not_prime

.relocation
36	loop
